I'm sorry, but errors were detected in your script. Please correct the
errors listed below, and try again.


File "game/script.rpy", line 54: end of line expected.
    al " YO NO PUEDO PRONUNCIAR ESTO ABUELA"- 
                                            ^

Ren'Py Version: Ren'Py 7.3.5.606
Sat Nov  7 02:20:31 2020
